(* Geneated by functoria_test *)

let (>>=) x f = f x
let return x = x
let run x = x

module App_make__3 = App.Make(Key_gen)

let bootvar__1 = lazy (
  Bootvar.argv ()
  )

let key_gen__2 = lazy (
  let __bootvar__1 = Lazy.force bootvar__1 in
  __bootvar__1 >>= fun _bootvar__1 ->
  return Mirage_runtime.(with_argv (runtime_args ()) "foo" _bootvar__1)
  )

let app_make__3 = lazy (
  let __key_gen__2 = Lazy.force key_gen__2 in
  __key_gen__2 >>= fun _key_gen__2 ->
  App_make__3.start _key_gen__2
  )

let () =
  let t =
  Lazy.force app_make__3
  in run t
