(* Geneated by functoria_test *)

let (>>=) x f = f x
let return x = x
let run x = x

module App_make__11 = App.Make(Key_gen)(Unit)(Info_gen)

let sys__2 = lazy (
  return Sys.argv
  )

let key_gen__3 = lazy (
  let __sys__2 = Lazy.force sys__2 in
  __sys__2 >>= fun _sys__2 ->
  return (Functoria_runtime.with_argv (List.map fst Key_gen.runtime_keys) "foo" _sys__2)
  )

let unit__5 = lazy (
  return ()
  )

let info_gen__7 = lazy (
  return Info_gen.info
  )

let app_make__11 = lazy (
  let __key_gen__3 = Lazy.force key_gen__3 in
  let __unit__5 = Lazy.force unit__5 in
  let __info_gen__7 = Lazy.force info_gen__7 in
  __key_gen__3 >>= fun _key_gen__3 ->
  __unit__5 >>= fun _unit__5 ->
  __info_gen__7 >>= fun _info_gen__7 ->
  App_make__11.start _key_gen__3 _unit__5 _info_gen__7
  )

let () =
  let t =
  Lazy.force key_gen__3 >>= fun _ ->
    Lazy.force unit__5 >>= fun _ ->
    Lazy.force app_make__11
  in run t
