let key_flag = Functoria_runtime.register Key.flag

let key_opt = Functoria_runtime.register Key.opt

let key_opt_all = Functoria_runtime.register Key.opt_all

let key_required = Functoria_runtime.register Key.required

let accept_router_advertisements =
  Functoria_runtime.register
  (Mirage_runtime_network.V6.accept_router_advertisements ())

let interface =
  Functoria_runtime.register (Mirage_runtime_network.interface "tap0")

let ipv4 =
  Functoria_runtime.register
  (Mirage_runtime_network.V4.network (Ipaddr.V4.Prefix.of_string_exn "10.0.0.2/24"))

let ipv4_gateway =
  Functoria_runtime.register (Mirage_runtime_network.V4.gateway None)

let ipv4_only =
  Functoria_runtime.register (Mirage_runtime_network.ipv4_only ())

let ipv6 =
  Functoria_runtime.register (Mirage_runtime_network.V6.network None)

let ipv6_gateway =
  Functoria_runtime.register (Mirage_runtime_network.V6.gateway None)

let ipv6_only =
  Functoria_runtime.register (Mirage_runtime_network.ipv6_only ())

