let accept_router_advertisements =
  Functoria_runtime.Key.create
  (Functoria_runtime.Arg.opt Cmdliner.Arg.bool true (Cmdliner.Arg.info
   ~docs:"UNIKERNEL PARAMETERS" ~docv:"ACCEPT-ROUTER-ADVERTISEMENTS"
   ~doc:"Accept router advertisements for the unikernel."
   ["accept-router-advertisements"]))

let () = Functoria_runtime.Key.(register (term accept_router_advertisements))

let accept_router_advertisements () =
  Functoria_runtime.Key.get accept_router_advertisements

let interface =
  Functoria_runtime.Key.create
  (Functoria_runtime.Arg.opt Cmdliner.Arg.string "tap0" (Cmdliner.Arg.info
   ~docs:"UNIKERNEL PARAMETERS" ~docv:"INTERFACE"
   ~doc:"The network interface listened by the unikernel." ["interface"]))

let () = Functoria_runtime.Key.(register (term interface))

let interface () = Functoria_runtime.Key.get interface

let ipv4 =
  Functoria_runtime.Key.create
  (Functoria_runtime.Arg.opt
   (Functoria_runtime.Arg.conv Ipaddr.V4.Prefix.of_string
  Ipaddr.V4.Prefix.to_string)
   (Ipaddr.V4.Prefix.of_string_exn "10.0.0.2/24") (Cmdliner.Arg.info
   ~docs:"UNIKERNEL PARAMETERS" ~docv:"IPV4"
   ~doc:"The network of the unikernel specified as an IP address and netmask, e.g. 192.168.0.1/16 ."
   ["ipv4"]))

let () = Functoria_runtime.Key.(register (term ipv4))

let ipv4 () = Functoria_runtime.Key.get ipv4

let ipv4_gateway =
  Functoria_runtime.Key.create
  (Functoria_runtime.Arg.opt
   (Cmdliner.Arg.some (Functoria_runtime.Arg.conv Ipaddr.V4.of_string Ipaddr.V4.to_string))
   (None) (Cmdliner.Arg.info ~docs:"UNIKERNEL PARAMETERS"
   ~docv:"IPV4-GATEWAY" ~doc:"The gateway of the unikernel."
   ["ipv4-gateway"]))

let () = Functoria_runtime.Key.(register (term ipv4_gateway))

let ipv4_gateway () = Functoria_runtime.Key.get ipv4_gateway

let ipv4_only =
  Functoria_runtime.Key.create
  (Functoria_runtime.Arg.opt Cmdliner.Arg.bool false (Cmdliner.Arg.info
   ~docs:"UNIKERNEL PARAMETERS" ~docv:"IPV4-ONLY"
   ~doc:"Only use IPv4 for the unikernel." ["ipv4-only"]))

let () = Functoria_runtime.Key.(register (term ipv4_only))

let ipv4_only () = Functoria_runtime.Key.get ipv4_only

let ipv6 =
  Functoria_runtime.Key.create
  (Functoria_runtime.Arg.opt
   (Cmdliner.Arg.some (Functoria_runtime.Arg.conv Ipaddr.V6.Prefix.of_string
  Ipaddr.V6.Prefix.to_string))
   (None) (Cmdliner.Arg.info ~docs:"UNIKERNEL PARAMETERS" ~docv:"IPV6"
   ~doc:"The network of the unikernel specified as IPv6 address and prefix length."
   ["ipv6"]))

let () = Functoria_runtime.Key.(register (term ipv6))

let ipv6 () = Functoria_runtime.Key.get ipv6

let ipv6_gateway =
  Functoria_runtime.Key.create
  (Functoria_runtime.Arg.opt
   (Cmdliner.Arg.some (Functoria_runtime.Arg.conv Ipaddr.V6.of_string Ipaddr.V6.to_string))
   (None) (Cmdliner.Arg.info ~docs:"UNIKERNEL PARAMETERS"
   ~docv:"IPV6-GATEWAY" ~doc:"The gateway of the unikernel."
   ["ipv6-gateway"]))

let () = Functoria_runtime.Key.(register (term ipv6_gateway))

let ipv6_gateway () = Functoria_runtime.Key.get ipv6_gateway

let ipv6_only =
  Functoria_runtime.Key.create
  (Functoria_runtime.Arg.opt Cmdliner.Arg.bool false (Cmdliner.Arg.info
   ~docs:"UNIKERNEL PARAMETERS" ~docv:"IPV6-ONLY"
   ~doc:"Only use IPv6 for the unikernel." ["ipv6-only"]))

let () = Functoria_runtime.Key.(register (term ipv6_only))

let ipv6_only () = Functoria_runtime.Key.get ipv6_only

