(* Geneated by functoria_test *)

let (>>=) x f = f x
let return x = x
let run x = x

module Mirage_crypto_rng_mirage_make__3 =
  Mirage_crypto_rng_mirage.Make(Xen_os.Time)(Mclock)

module Ethernet_make__5 = Ethernet.Make(Netif)

module Arp_make__6 = Arp.Make(Ethernet_make__5)(Xen_os.Time)

module Static_ipv4_make__7 =
  Static_ipv4.Make(Mirage_crypto_rng_mirage_make__3)(Mclock)
  (Ethernet_make__5)(Arp_make__6)

module Ipv6_make__8 = Ipv6.Make(Netif)(Ethernet_make__5)
  (Mirage_crypto_rng_mirage_make__3)(Xen_os.Time)(Mclock)

module Tcpip_stack_direct_ipv4v6__9 =
  Tcpip_stack_direct.IPV4V6(Static_ipv4_make__7)(Ipv6_make__8)

module Icmpv4_make__10 = Icmpv4.Make(Static_ipv4_make__7)

module Udp_make__11 = Udp.Make(Tcpip_stack_direct_ipv4v6__9)
  (Mirage_crypto_rng_mirage_make__3)

module Tcp_flow_make__12 = Tcp.Flow.Make(Tcpip_stack_direct_ipv4v6__9)
  (Xen_os.Time)(Mclock)(Mirage_crypto_rng_mirage_make__3)

module Tcpip_stack_direct_makev4v6__13 =
  Tcpip_stack_direct.MakeV4V6(Xen_os.Time)(Mirage_crypto_rng_mirage_make__3)
  (Netif)(Ethernet_make__5)(Arp_make__6)(Tcpip_stack_direct_ipv4v6__9)
  (Icmpv4_make__10)(Udp_make__11)(Tcp_flow_make__12)

module Conduit_mirage_tcp__14 =
  Conduit_mirage.TCP(Tcpip_stack_direct_makev4v6__13)

module Conduit_mirage_tls__15 = Conduit_mirage.TLS(Conduit_mirage_tcp__14)

module App_make__16 = App.Make(Conduit_mirage_tls__15)
  (Mirage_crypto_rng_mirage_make__3)

let xen_os_time__1 = lazy (
  return ()
  )

let mclock__2 = lazy (
  return ()
  )

let mirage_crypto_rng_mirage_make__3 = lazy (
  let __xen_os_time__1 = Lazy.force xen_os_time__1 in
  let __mclock__2 = Lazy.force mclock__2 in
  __xen_os_time__1 >>= fun _xen_os_time__1 ->
  __mclock__2 >>= fun _mclock__2 ->
  Mirage_crypto_rng_mirage_make__3.initialize (module Mirage_crypto_rng.Fortuna)
  )

let netif__4 = lazy (
  Netif.connect (Key_gen.interface ())
  )

let ethernet_make__5 = lazy (
  let __netif__4 = Lazy.force netif__4 in
  __netif__4 >>= fun _netif__4 ->
  Ethernet_make__5.connect _netif__4
  )

let arp_make__6 = lazy (
  let __ethernet_make__5 = Lazy.force ethernet_make__5 in
  let __xen_os_time__1 = Lazy.force xen_os_time__1 in
  __ethernet_make__5 >>= fun _ethernet_make__5 ->
  __xen_os_time__1 >>= fun _xen_os_time__1 ->
  Arp_make__6.connect _ethernet_make__5
  )

let static_ipv4_make__7 = lazy (
  let __mirage_crypto_rng_mirage_make__3 =
                                          Lazy.force mirage_crypto_rng_mirage_make__3 in
  let __mclock__2 = Lazy.force mclock__2 in
  let __ethernet_make__5 = Lazy.force ethernet_make__5 in
  let __arp_make__6 = Lazy.force arp_make__6 in
  __mirage_crypto_rng_mirage_make__3 >>= fun _mirage_crypto_rng_mirage_make__3 ->
  __mclock__2 >>= fun _mclock__2 ->
  __ethernet_make__5 >>= fun _ethernet_make__5 ->
  __arp_make__6 >>= fun _arp_make__6 ->
  Static_ipv4_make__7.connect  ~cidr:(Key_gen.ipv4 ())
                           ?gateway:(Key_gen.ipv4_gateway ())
                           _ethernet_make__5 _arp_make__6
  )

let ipv6_make__8 = lazy (
  let __netif__4 = Lazy.force netif__4 in
  let __ethernet_make__5 = Lazy.force ethernet_make__5 in
  let __mirage_crypto_rng_mirage_make__3 =
                                          Lazy.force mirage_crypto_rng_mirage_make__3 in
  let __xen_os_time__1 = Lazy.force xen_os_time__1 in
  let __mclock__2 = Lazy.force mclock__2 in
  __netif__4 >>= fun _netif__4 ->
  __ethernet_make__5 >>= fun _ethernet_make__5 ->
  __mirage_crypto_rng_mirage_make__3 >>= fun _mirage_crypto_rng_mirage_make__3 ->
  __xen_os_time__1 >>= fun _xen_os_time__1 ->
  __mclock__2 >>= fun _mclock__2 ->
  Ipv6_make__8.connect  ~handle_ra:(Key_gen.accept_router_advertisements ())
                    ?cidr:(Key_gen.ipv6 ())
                    ?gateway:(Key_gen.ipv6_gateway ()) _netif__4
                    _ethernet_make__5
  )

let tcpip_stack_direct_ipv4v6__9 = lazy (
  let __static_ipv4_make__7 = Lazy.force static_ipv4_make__7 in
  let __ipv6_make__8 = Lazy.force ipv6_make__8 in
  __static_ipv4_make__7 >>= fun _static_ipv4_make__7 ->
  __ipv6_make__8 >>= fun _ipv6_make__8 ->
  Tcpip_stack_direct_ipv4v6__9.connect ~ipv4_only:(Key_gen.ipv4_only ())
                                    ~ipv6_only:(Key_gen.ipv6_only ())
                                    _static_ipv4_make__7 _ipv6_make__8
  )

let icmpv4_make__10 = lazy (
  let __static_ipv4_make__7 = Lazy.force static_ipv4_make__7 in
  __static_ipv4_make__7 >>= fun _static_ipv4_make__7 ->
  Icmpv4_make__10.connect _static_ipv4_make__7
  )

let udp_make__11 = lazy (
  let __tcpip_stack_direct_ipv4v6__9 =
                                      Lazy.force tcpip_stack_direct_ipv4v6__9 in
  let __mirage_crypto_rng_mirage_make__3 =
                                          Lazy.force mirage_crypto_rng_mirage_make__3 in
  __tcpip_stack_direct_ipv4v6__9 >>= fun _tcpip_stack_direct_ipv4v6__9 ->
  __mirage_crypto_rng_mirage_make__3 >>= fun _mirage_crypto_rng_mirage_make__3 ->
  Udp_make__11.connect _tcpip_stack_direct_ipv4v6__9
  )

let tcp_flow_make__12 = lazy (
  let __tcpip_stack_direct_ipv4v6__9 =
                                      Lazy.force tcpip_stack_direct_ipv4v6__9 in
  let __xen_os_time__1 = Lazy.force xen_os_time__1 in
  let __mclock__2 = Lazy.force mclock__2 in
  let __mirage_crypto_rng_mirage_make__3 =
                                          Lazy.force mirage_crypto_rng_mirage_make__3 in
  __tcpip_stack_direct_ipv4v6__9 >>= fun _tcpip_stack_direct_ipv4v6__9 ->
  __xen_os_time__1 >>= fun _xen_os_time__1 ->
  __mclock__2 >>= fun _mclock__2 ->
  __mirage_crypto_rng_mirage_make__3 >>= fun _mirage_crypto_rng_mirage_make__3 ->
  Tcp_flow_make__12.connect _tcpip_stack_direct_ipv4v6__9
  )

let tcpip_stack_direct_makev4v6__13 = lazy (
  let __xen_os_time__1 = Lazy.force xen_os_time__1 in
  let __mirage_crypto_rng_mirage_make__3 =
                                          Lazy.force mirage_crypto_rng_mirage_make__3 in
  let __netif__4 = Lazy.force netif__4 in
  let __ethernet_make__5 = Lazy.force ethernet_make__5 in
  let __arp_make__6 = Lazy.force arp_make__6 in
  let __tcpip_stack_direct_ipv4v6__9 =
                                      Lazy.force tcpip_stack_direct_ipv4v6__9 in
  let __icmpv4_make__10 = Lazy.force icmpv4_make__10 in
  let __udp_make__11 = Lazy.force udp_make__11 in
  let __tcp_flow_make__12 = Lazy.force tcp_flow_make__12 in
  __xen_os_time__1 >>= fun _xen_os_time__1 ->
  __mirage_crypto_rng_mirage_make__3 >>= fun _mirage_crypto_rng_mirage_make__3 ->
  __netif__4 >>= fun _netif__4 ->
  __ethernet_make__5 >>= fun _ethernet_make__5 ->
  __arp_make__6 >>= fun _arp_make__6 ->
  __tcpip_stack_direct_ipv4v6__9 >>= fun _tcpip_stack_direct_ipv4v6__9 ->
  __icmpv4_make__10 >>= fun _icmpv4_make__10 ->
  __udp_make__11 >>= fun _udp_make__11 ->
  __tcp_flow_make__12 >>= fun _tcp_flow_make__12 ->
  Tcpip_stack_direct_makev4v6__13.connect _netif__4 _ethernet_make__5 _arp_make__6 _tcpip_stack_direct_ipv4v6__9 _icmpv4_make__10 _udp_make__11 _tcp_flow_make__12
  )

let conduit_mirage_tcp__14 = lazy (
  let __tcpip_stack_direct_makev4v6__13 =
                                         Lazy.force tcpip_stack_direct_makev4v6__13 in
  __tcpip_stack_direct_makev4v6__13 >>= fun _tcpip_stack_direct_makev4v6__13 ->
  Lwt.return _tcpip_stack_direct_makev4v6__13

  )

let conduit_mirage_tls__15 = lazy (
  let __conduit_mirage_tcp__14 = Lazy.force conduit_mirage_tcp__14 in
  let __mirage_crypto_rng_mirage_make__3 =
                                          Lazy.force mirage_crypto_rng_mirage_make__3 in
  __conduit_mirage_tcp__14 >>= fun _conduit_mirage_tcp__14 ->
  __mirage_crypto_rng_mirage_make__3 >>= fun _mirage_crypto_rng_mirage_make__3 ->
  Lwt.return _conduit_mirage_tcp__14

  )

let app_make__16 = lazy (
  let __conduit_mirage_tls__15 = Lazy.force conduit_mirage_tls__15 in
  let __mirage_crypto_rng_mirage_make__3 =
                                          Lazy.force mirage_crypto_rng_mirage_make__3 in
  __conduit_mirage_tls__15 >>= fun _conduit_mirage_tls__15 ->
  __mirage_crypto_rng_mirage_make__3 >>= fun _mirage_crypto_rng_mirage_make__3 ->
  App_make__16.start _conduit_mirage_tls__15 _mirage_crypto_rng_mirage_make__3
  )

let () =
  let t =
  Lazy.force app_make__16
  in run t
