(* Geneated by functoria_test *)

let (>>=) x f = f x
let return x = x
let run x = x

module Mirage_crypto_rng_mirage_make__3 =
  Mirage_crypto_rng_mirage.Make(OS.Time)(Mclock)

module Ethernet_make__5 = Ethernet.Make(Netif)

module Arp_make__6 = Arp.Make(Ethernet_make__5)(OS.Time)

module Static_ipv4_make__7 =
  Static_ipv4.Make(Mirage_crypto_rng_mirage_make__3)(Mclock)
  (Ethernet_make__5)(Arp_make__6)

module Icmpv4_make__8 = Icmpv4.Make(Static_ipv4_make__7)

module Udp_make__9 = Udp.Make(Static_ipv4_make__7)
  (Mirage_crypto_rng_mirage_make__3)

module Tcp_flow_make__10 = Tcp.Flow.Make(Static_ipv4_make__7)(OS.Time)
  (Mclock)(Mirage_crypto_rng_mirage_make__3)

module Tcpip_stack_direct_make__11 = Tcpip_stack_direct.Make(OS.Time)
  (Mirage_crypto_rng_mirage_make__3)(Netif)(Ethernet_make__5)(Arp_make__6)
  (Static_ipv4_make__7)(Icmpv4_make__8)(Udp_make__9)(Tcp_flow_make__10)

module Conduit_mirage_tcp__12 =
  Conduit_mirage.TCP(Tcpip_stack_direct_make__11)

module Conduit_mirage_tls__13 = Conduit_mirage.TLS(Conduit_mirage_tcp__12)

module App_make__14 = App.Make(Conduit_mirage_tls__13)
  (Mirage_crypto_rng_mirage_make__3)

let os_time__1 = lazy (
  return ()
  )

let mclock__2 = lazy (
  return ()
  )

let mirage_crypto_rng_mirage_make__3 = lazy (
  let __os_time__1 = Lazy.force os_time__1 in
  let __mclock__2 = Lazy.force mclock__2 in
  __os_time__1 >>= fun _os_time__1 ->
  __mclock__2 >>= fun _mclock__2 ->
  Mirage_crypto_rng_mirage_make__3.initialize (module Mirage_crypto_rng.Fortuna)
  )

let netif__4 = lazy (
  Netif.connect (Key_gen.interface ())
  )

let ethernet_make__5 = lazy (
  let __netif__4 = Lazy.force netif__4 in
  __netif__4 >>= fun _netif__4 ->
  Ethernet_make__5.connect _netif__4
  )

let arp_make__6 = lazy (
  let __ethernet_make__5 = Lazy.force ethernet_make__5 in
  let __os_time__1 = Lazy.force os_time__1 in
  __ethernet_make__5 >>= fun _ethernet_make__5 ->
  __os_time__1 >>= fun _os_time__1 ->
  Arp_make__6.connect _ethernet_make__5
  )

let static_ipv4_make__7 = lazy (
  let __mirage_crypto_rng_mirage_make__3 =
                                          Lazy.force mirage_crypto_rng_mirage_make__3 in
  let __mclock__2 = Lazy.force mclock__2 in
  let __ethernet_make__5 = Lazy.force ethernet_make__5 in
  let __arp_make__6 = Lazy.force arp_make__6 in
  __mirage_crypto_rng_mirage_make__3 >>= fun _mirage_crypto_rng_mirage_make__3 ->
  __mclock__2 >>= fun _mclock__2 ->
  __ethernet_make__5 >>= fun _ethernet_make__5 ->
  __arp_make__6 >>= fun _arp_make__6 ->
  Static_ipv4_make__7.connect  ~cidr:(Key_gen.ipv4 ())
                           ?gateway:(Key_gen.ipv4_gateway ())
                           _ethernet_make__5 _arp_make__6
  )

let icmpv4_make__8 = lazy (
  let __static_ipv4_make__7 = Lazy.force static_ipv4_make__7 in
  __static_ipv4_make__7 >>= fun _static_ipv4_make__7 ->
  Icmpv4_make__8.connect _static_ipv4_make__7
  )

let udp_make__9 = lazy (
  let __static_ipv4_make__7 = Lazy.force static_ipv4_make__7 in
  let __mirage_crypto_rng_mirage_make__3 =
                                          Lazy.force mirage_crypto_rng_mirage_make__3 in
  __static_ipv4_make__7 >>= fun _static_ipv4_make__7 ->
  __mirage_crypto_rng_mirage_make__3 >>= fun _mirage_crypto_rng_mirage_make__3 ->
  Udp_make__9.connect _static_ipv4_make__7
  )

let tcp_flow_make__10 = lazy (
  let __static_ipv4_make__7 = Lazy.force static_ipv4_make__7 in
  let __os_time__1 = Lazy.force os_time__1 in
  let __mclock__2 = Lazy.force mclock__2 in
  let __mirage_crypto_rng_mirage_make__3 =
                                          Lazy.force mirage_crypto_rng_mirage_make__3 in
  __static_ipv4_make__7 >>= fun _static_ipv4_make__7 ->
  __os_time__1 >>= fun _os_time__1 ->
  __mclock__2 >>= fun _mclock__2 ->
  __mirage_crypto_rng_mirage_make__3 >>= fun _mirage_crypto_rng_mirage_make__3 ->
  Tcp_flow_make__10.connect _static_ipv4_make__7
  )

let tcpip_stack_direct_make__11 = lazy (
  let __os_time__1 = Lazy.force os_time__1 in
  let __mirage_crypto_rng_mirage_make__3 =
                                          Lazy.force mirage_crypto_rng_mirage_make__3 in
  let __netif__4 = Lazy.force netif__4 in
  let __ethernet_make__5 = Lazy.force ethernet_make__5 in
  let __arp_make__6 = Lazy.force arp_make__6 in
  let __static_ipv4_make__7 = Lazy.force static_ipv4_make__7 in
  let __icmpv4_make__8 = Lazy.force icmpv4_make__8 in
  let __udp_make__9 = Lazy.force udp_make__9 in
  let __tcp_flow_make__10 = Lazy.force tcp_flow_make__10 in
  __os_time__1 >>= fun _os_time__1 ->
  __mirage_crypto_rng_mirage_make__3 >>= fun _mirage_crypto_rng_mirage_make__3 ->
  __netif__4 >>= fun _netif__4 ->
  __ethernet_make__5 >>= fun _ethernet_make__5 ->
  __arp_make__6 >>= fun _arp_make__6 ->
  __static_ipv4_make__7 >>= fun _static_ipv4_make__7 ->
  __icmpv4_make__8 >>= fun _icmpv4_make__8 ->
  __udp_make__9 >>= fun _udp_make__9 ->
  __tcp_flow_make__10 >>= fun _tcp_flow_make__10 ->
  Tcpip_stack_direct_make__11.connect _netif__4 _ethernet_make__5 _arp_make__6 _static_ipv4_make__7 _icmpv4_make__8 _udp_make__9 _tcp_flow_make__10
  )

let conduit_mirage_tcp__12 = lazy (
  let __tcpip_stack_direct_make__11 = Lazy.force tcpip_stack_direct_make__11 in
  __tcpip_stack_direct_make__11 >>= fun _tcpip_stack_direct_make__11 ->
  Lwt.return _tcpip_stack_direct_make__11

  )

let conduit_mirage_tls__13 = lazy (
  let __conduit_mirage_tcp__12 = Lazy.force conduit_mirage_tcp__12 in
  let __mirage_crypto_rng_mirage_make__3 =
                                          Lazy.force mirage_crypto_rng_mirage_make__3 in
  __conduit_mirage_tcp__12 >>= fun _conduit_mirage_tcp__12 ->
  __mirage_crypto_rng_mirage_make__3 >>= fun _mirage_crypto_rng_mirage_make__3 ->
  Lwt.return _conduit_mirage_tcp__12

  )

let app_make__14 = lazy (
  let __conduit_mirage_tls__13 = Lazy.force conduit_mirage_tls__13 in
  let __mirage_crypto_rng_mirage_make__3 =
                                          Lazy.force mirage_crypto_rng_mirage_make__3 in
  __conduit_mirage_tls__13 >>= fun _conduit_mirage_tls__13 ->
  __mirage_crypto_rng_mirage_make__3 >>= fun _mirage_crypto_rng_mirage_make__3 ->
  App_make__14.start _conduit_mirage_tls__13 _mirage_crypto_rng_mirage_make__3
  )

let () =
  let t =
  Lazy.force app_make__14
  in run t
