* Is_file? config.ml -> true
* Is_file? dune-project -> false
* Write to dune-project (47 bytes)
* With_dir ./ [Is_file? dune.config -> false
               Write to dune.config (143 bytes)
               Is_file? dune.build -> false
               Write to dune.build (32 bytes)
               Is_file? dune -> true
               Read dune (221 bytes)]
* Run_cmd 'dune build ./config.exe' (ok)
* Write to .test.config (26 bytes)
* Run_cmd 'dune exec --root . -- ./config.exe configure a b c --dry-run' (ok)
* Run_cmd 'dune exec --root . -- ./config.exe query name' (ok)
* Run_cmd 'dune exec --root . -- ./config.exe query opam' (ok)
* Is_file? out: dune exec --root . -- ./config.exe query name.opam -> false
* Write to out: dune exec --root . -- ./config.exe query name.opam (81 bytes)
* Run_cmd 'dune exec --root . -- ./config.exe query install' (ok)
* Is_file? out: dune exec --root . -- ./config.exe query name.install -> false
* Write to out: dune exec --root . -- ./config.exe query name.install (84 bytes)
* Is_file? Makefile -> false
* Write to Makefile (515 bytes)
