* Is_file? config.ml -> true
* Is_file? dune-project -> false
* Write to dune-project (47 bytes)
* Is_file? dune -> true
* Read dune (221 bytes)
* Write to test.context (25 bytes)
* Run_cmd 'dune build ./config.exe' (ok)
* Is_file? test.context -> true
* Run_cmd 'dune exec -- ./config.exe query name --context=test.context' (ok)
* Is_file? test.context -> true
* Run_cmd 'dune exec -- ./config.exe query opam --context=test.context' (ok)
* Is_file? $(dune exec -- ./config.exe query name --context=test.context).opam -> false
* Write to $(dune exec -- ./config.exe query name --context=test.context).opam (93 bytes)
* Is_file? Makefile -> false
* Write to Makefile (551 bytes)
* Is_file? test.context -> true
* Run_cmd 'dune exec -- ./config.exe query dune-project --context=test.context' (ok)
* Is_file? dune-project -> true
* Read dune-project (47 bytes)
* Write to dune-project (102 bytes)
* Is_file? test.context -> true
* Run_cmd 'dune exec -- ./config.exe query dune-workspace
           --context=test.context' (ok)
* Is_file? dune-workspace -> false
* Write to dune-workspace (104 bytes)
* Is_file? test.context -> true
* Run_cmd 'dune exec -- ./config.exe query dune --context=test.context' (ok)
* Is_file? dune -> true
* Read dune (221 bytes)
