* Is_file? config.ml -> true
* Is_file? dune-project -> false
* Write to dune-project (47 bytes)
* With_dir ./ [Is_file? dune.config -> false
               Write to dune.config (143 bytes)
               Is_file? dune.build -> false
               Write to dune.build (32 bytes)
               Is_file? dune -> true
               Read dune (221 bytes)]
* Run_cmd 'dune build ./config.exe' (ok)
* Write to test.context (25 bytes)
* Is_file? test.context -> true
* Run_cmd 'dune exec --root . -- ./config.exe configure help --dry-run
           --context test.context' (ok)
* Is_file? test.context -> true
* Run_cmd 'dune exec --root . -- ./config.exe query name --context test.context' (ok)
* Is_file? test.context -> true
* Run_cmd 'dune exec --root . -- ./config.exe query opam --context test.context' (ok)
* Is_file? $(dune exec --root . -- ./config.exe query name --context test.context).opam -> false
* Write to $(dune exec --root . -- ./config.exe query name --context test.context).opam (102 bytes)
* Is_file? test.context -> true
* Run_cmd 'dune exec --root . -- ./config.exe query install --context
           test.context' (ok)
* Is_file? $(dune exec --root . -- ./config.exe query name --context test.context).install -> false
* Write to $(dune exec --root . -- ./config.exe query name --context test.context).install (105 bytes)
* Is_file? Makefile -> false
* Write to Makefile (578 bytes)
