NAME
       test - The test application builder

SYNOPSIS
       test COMMAND ...

DESCRIPTION
       The test application builder. It glues together a set of libraries and
       configuration (e.g. network and storage) into a standalone unikernel
       or UNIX binary.

       Use test help <command> for more information on a specific command.

COMMANDS
       build
           Build a test application.

       clean
           Clean the files produced by test for a given application.

       configure
           Configure a test application.

       describe
           Describe a test application.

       help
           Display help about test commands.

       query
           Query information about the test application.

OPTIONS
       --help[=FMT] (default=auto)
           Show this help in format FMT. The value FMT must be one of `auto',
           `pager', `groff' or `plain'. With `auto', the format is `pager` or
           `plain' whenever the TERM env var is `dumb' or undefined.

       --version
           Show version information.

COMMON OPTIONS
       --color=WHEN (absent=auto)
           Colorize the output. WHEN must be one of `auto', `always' or
           `never'.

       -q, --quiet
           Be quiet. Takes over -v and --verbosity.

       -v, --verbose
           Increase verbosity. Repeatable, but more than twice does not bring
           more.

       --verbosity=LEVEL (absent=warning)
           Be more or less verbose. LEVEL must be one of `quiet', `error',
           `warning', `info' or `debug'. Takes over -v.

