"lwt"
"mirage" {build &  >= "4.0.0" & < "4.1.0"}
"mirage-bootvar-solo5" { >= "0.6.0" & < "0.7.0"}
"mirage-clock-freestanding" { >= "3.0.0" & < "4.0.0"}
"mirage-logs" { >= "1.2.0" & < "2.0.0"}
"mirage-runtime" { >= "4.0.0" & < "4.1.0"}
"mirage-solo5" { >= "1.0.0" & < "1.1.0"}
"solo5-hvt" { >= "1.0.0" & < "1.1.0"}
